components/menu-management.tsx(32,38): error TS2339: Property 'createMenuItem' does not exist on type '{ menuItems: MenuItem[]; loading: boolean; error: string | null; }'.
components/menu-management.tsx(32,54): error TS2339: Property 'updateMenuItem' does not exist on type '{ menuItems: MenuItem[]; loading: boolean; error: string | null; }'.
components/menu-management.tsx(32,70): error TS2339: Property 'deleteMenuItem' does not exist on type '{ menuItems: MenuItem[]; loading: boolean; error: string | null; }'.
components/menu-management.tsx(32,86): error TS2339: Property 'refetch' does not exist on type '{ menuItems: MenuItem[]; loading: boolean; error: string | null; }'.
